
=== Toolchain ===
  ---- Flutter 3.44.6 • channel stable • https://github.com/flutter/flutter.git
  ---- iOS PCK: d86a4afe5a3420b05ca960c5f250a606d036a647c1a895cb8af9f0275171add7  (ios/Runner/Godot/property_tycoon.pck)
  ---- Android PCK: 8c9d78808bec305bad0fefa9d1d4fbaa1a681ad1dbcdb7103dc2a4d85aea00b6  (android/app/src/main/assets/godot/property_tycoon.pck)
  ---- pubspec version: 2.0.1+12

=== Android release AAB: /var/folders/v0/66c2jh093bzfr9_7mfy0sfhw0000gn/T/tmp.YcZ5Nc5NMO/unsigned.aab ===
  ---- size: 155M
  ---- sha256: e8e5288e8a6cf54fba6850a795328d25c0f169ecc6ee3570320550969b9ea6fa
  [32mPASS[0m versionName 2.0.1 matches pubspec (versionCode 12)
  [32mPASS[0m versionCode 12 matches pubspec build number
  ---- merged-manifest permissions:
       android.permission.CAMERA
       android.permission.POST_NOTIFICATIONS
       android.permission.RECEIVE_BOOT_COMPLETED
       android.permission.VIBRATE
       com.hyu.properotyTycoon.DYNAMIC_RECEIVER_NOT_EXPORTED_PERMISSION
  [32mPASS[0m expected permission present: android.permission.CAMERA
  [32mPASS[0m expected permission present: android.permission.POST_NOTIFICATIONS
  [32mPASS[0m expected permission present: android.permission.RECEIVE_BOOT_COMPLETED
  [32mPASS[0m expected permission present: android.permission.VIBRATE
  [32mPASS[0m no forbidden permission: android.permission.DUMP
  [32mPASS[0m no forbidden permission: android.permission.READ_MEDIA_IMAGES
  [32mPASS[0m no forbidden permission: android.permission.READ_EXTERNAL_STORAGE
  [32mPASS[0m no forbidden permission: android.permission.SCHEDULE_EXACT_ALARM
  [32mPASS[0m no forbidden permission: android.permission.USE_EXACT_ALARM
  [32mPASS[0m no forbidden permission: android.permission.READ_MEDIA_VISUAL_USER_SELECTED
  [32mPASS[0m no forbidden permission: android.permission.ACCESS_FINE_LOCATION
  [32mPASS[0m no forbidden permission: android.permission.RECORD_AUDIO
  [32mPASS[0m no forbidden permission: android.permission.READ_CONTACTS
  [31mFAIL[0m AAB is UNSIGNED: compilation artifact only, not distributable
  [32mPASS[0m Android embedded PCK matches source pack
  [32mPASS[0m Godot JNI/bridge symbol canaries survive release shrinking
  ---- checking base/lib/arm64-v8a/libapp.so
  [32mPASS[0m AOT snapshot readable (canary string present in libapp.so)
  [32mPASS[0m no QA-autoplay markers in the AOT snapshot (store entrypoint)
  ---- checking base/lib/armeabi-v7a/libapp.so
  [32mPASS[0m AOT snapshot readable (canary string present in libapp.so)
  [32mPASS[0m no QA-autoplay markers in the AOT snapshot (store entrypoint)
  ---- checking base/lib/x86_64/libapp.so
  [32mPASS[0m AOT snapshot readable (canary string present in libapp.so)
  [32mPASS[0m no QA-autoplay markers in the AOT snapshot (store entrypoint)

=== iOS release .app: build/ios/iphoneos/Runner.app ===
  ---- size: 154M
  [32mPASS[0m embedded PCK matches source pack (d86a4afe5a3420b05ca960c5f250a606d036a647c1a895cb8af9f0275171add7)
  [32mPASS[0m CFBundleShortVersionString 2.0.1 matches pubspec (build 12)
  [32mPASS[0m CFBundleVersion 12 matches pubspec build number
  [32mPASS[0m no UIBackgroundModes in Info.plist
  [32mPASS[0m AOT snapshot readable (canary string present in App.framework)
  [32mPASS[0m no QA-autoplay markers in the AOT snapshot (store entrypoint)
  [32mPASS[0m iOS .app code signature verifies (not App Store distribution validation)
  ---- TeamIdentifier=F9XW9FCX92;
  [32mPASS[0m embedded provisioning profile present (distribution eligibility not asserted)

=== Result: 31 passed, 1 failed ===
